VIA2_C_CDNS_723615517017 m2trm,m3trm,via2CON NULL
VIA2_C_CDNS_723615517018 m2trm,m3trm,nwtrm,via2CON NULL
ne3i_6_CDNS_723615517010 m2trm,ndiff,m1trm,p_ddnw,p1trm,nemi_6,pwitrm,dntap,dnwtrm,ptap,via1,p_dipwmv,bulk,cont,pdiff,pwitap NULL
ne3i_6_CDNS_723615517016 m2trm,ndiff,m1trm,p_ddnw,p1trm,nemi_6,pwitrm,dntap,m3trm,dnwtrm,ptap,via1,p_dipwmv,bulk,cont,pdiff,via2CON,pwitap NULL
VIA1_C_CDNS_7236155170112 m2trm,m1trm,via1 NULL
VIA1_C_CDNS_7236155170113 m2trm,m1trm,via1 NULL
constant_gm m2trm,ndiff,m1trm,m3trm,p_dnwm,ptap,nwtrm,p_dnw,via1,bulk,cont,ntap,pdiff,via2CON p_ddnw,nemi_6,p1trm,dntap,pwitrm,rpp1k1_n,dnwtrm,p_dipwmv,pem,nem,pwitap
rpp1k1_3_CDNS_723615517017 m1trm,p1trm,rpp1k1_n,nwtrm,bulk,cont NULL
ne3_CDNS_723615517012 ndiff,m1trm,p1trm,bulk,cont,nem NULL
VIA2_C_CDNS_7236155170111 m2trm,m3trm,via2CON NULL
VIA2_C_CDNS_7236155170118 m2trm,m3trm,nwtrm,via2CON NULL
VIA2_C_CDNS_7236155170119 m2trm,m3trm,bulk,via2CON NULL
VIA1_C_CDNS_723615517010 m2trm,m1trm,via1 NULL
VIA1_C_CDNS_723615517012 m2trm,m1trm,via1 NULL
VIA1_C_CDNS_723615517013 m2trm,m1trm,via1 NULL
VIA1_C_CDNS_723615517019 m2trm,m1trm,via1 NULL
pe3_CDNS_723615517011 m2trm,ndiff,m1trm,p1trm,p_dnwm,nwtrm,via1,bulk,cont,ntap,pdiff,pem NULL
pe3_CDNS_723615517013 m1trm,p1trm,p_dnwm,nwtrm,bulk,cont,pdiff,pem NULL
pe3_CDNS_723615517014 m2trm,m1trm,p1trm,m3trm,p_dnwm,nwtrm,via1,bulk,cont,pdiff,pem,via2CON NULL
pe3_CDNS_723615517015 m1trm,p1trm,nwtrm,bulk,cont,pdiff,pem NULL
