MASCO__P4 m4trm,cont,p_dnw,ptap,m2trm,d_csf4a,m1trm,via3CON,ntap,ndiff,m3trm,vtpCON,bulk,m1btrm,m1atrm,via1,nwtrm,via2CON,mttrm,pdiff,p_dnwm hnwtap,pem,d_dsc,p1trm,d_dsba,nem,hnw,p_dwhn,d_dsdf
MASCO__P5 m4trm,cont,ptap,m2trm,m1trm,via3CON,m3trm,vtpCON,bulk,via1,via2CON,mttrm,pdiff npdtap,p_ddnw,rpp1k1_s,npdct,p1trm,ndiff,pwitap,pwitrm,dpp20,dnwtrm,dntap,ped12_d
nedia_CDNS_723059539390 cont,ptap,m2trm,npdtap,m1trm,npdct,p1trm,ndiff,pwitap,bulk,pwitrm,dnwtrm,nedia2_d,via1,dntap,pdiff NULL
nedia_CDNS_723059539393 cont,ptap,m2trm,npdtap,m1trm,npdct,p1trm,ndiff,pwitap,bulk,pwitrm,dnwtrm,nedia2_d,via1,dntap,pdiff NULL
dpp20_CDNS_723059539398 cont,ptap,m1trm,p_ddnw,ndiff,pwitap,bulk,pwitrm,dpp20,dnwtrm,dntap,pdiff NULL
VIATP_C_CDNS_7230595393917 m4trm,vtpCON,mttrm NULL
VIATP_C_CDNS_7230595393921 m4trm,vtpCON,mttrm NULL
VIATP_C_CDNS_7230595393928 m4trm,vtpCON,mttrm NULL
VIATP_C_CDNS_7230595393935 m4trm,vtpCON,mttrm NULL
VIATP_C_CDNS_7230595393937 m4trm,vtpCON,mttrm NULL
VIATP_C_CDNS_7230595393938 m4trm,vtpCON,mttrm NULL
VIATP_C_CDNS_7230595393939 m4trm,vtpCON,mttrm NULL
hvswitch5 bulk m4trm,cont,p_dnw,ptap,m2trm,hnwtap,d_csf4a,npdtap,m1trm,d_dsc,pem,rpp1k1_s,p_ddnw,npdct,via3CON,p1trm,ntap,d_dsba,ndiff,pwitap,m3trm,vtpCON,m1btrm,pwitrm,dpp20,nem,dnwtrm,hnw,m1atrm,nedia2_d,via1,p_dwhn,nwtrm,d_dsdf,via2CON,dntap,mttrm,pdiff,p_dnwm,ped12_d
VIATP_C_CDNS_7230595393940 m4trm,vtpCON,mttrm NULL
VIATP_C_CDNS_7230595393941 m4trm,vtpCON,mttrm NULL
VIATP_C_CDNS_7230595393943 m4trm,vtpCON,mttrm NULL
VIATP_C_CDNS_7230595393945 m4trm,vtpCON,mttrm NULL
VIATP_C_CDNS_7230595393946 m4trm,vtpCON,mttrm NULL
VIATP_C_CDNS_7230595393948 m4trm,vtpCON,mttrm NULL
VIA1_C_CDNS_723059539390 m2trm,m1trm,via1 NULL
VIA1_C_CDNS_723059539391 m2trm,m1trm,via1 NULL
VIATP_C_CDNS_7230595393950 m4trm,vtpCON,mttrm NULL
VIA1_C_CDNS_723059539394 m2trm,m1trm,via1 NULL
VIATP_C_CDNS_7230595393951 m4trm,vtpCON,mttrm NULL
VIATP_C_CDNS_7230595393952 m4trm,vtpCON,mttrm NULL
VIA1_C_CDNS_723059539397 m2trm,m1trm,via1 NULL
VIATP_C_CDNS_7230595393954 m4trm,vtpCON,mttrm NULL
VIA1_C_CDNS_723059539398 m2trm,m1trm,bulk,via1 NULL
VIATP_C_CDNS_7230595393955 m4trm,vtpCON,mttrm NULL
VIA1_C_CDNS_723059539399 m2trm,m1trm,bulk,via1 NULL
VIATP_C_CDNS_7230595393956 m4trm,vtpCON,mttrm NULL
VIATP_C_CDNS_7230595393958 m4trm,vtpCON,mttrm NULL
VIATP_C_CDNS_7230595393959 m4trm,vtpCON,mttrm NULL
MASCO__X6 NULL m4trm,vtpCON,mttrm
MASCO__X7 NULL m4trm,vtpCON,mttrm
MASCO__X8 NULL m4trm,vtpCON,mttrm
MASCO__X9 NULL m4trm,vtpCON,mttrm
VIA2_C_CDNS_7230595393924 m2trm,m3trm,via2CON NULL
pe3_CDNS_7230595393910 cont,m1trm,pem,p1trm,bulk,nwtrm,pdiff NULL
VIA1_C_CDNS_7230595393961 m2trm,m1trm,bulk,via1 NULL
ne3_CDNS_723059539394 cont,m1trm,p1trm,ndiff,bulk,nem NULL
ped_CDNS_723059539391 cont,ptap,m2trm,npdtap,m1trm,npdct,p1trm,ndiff,pwitap,bulk,pwitrm,dnwtrm,via1,dntap,pdiff,ped12_d NULL
MASCO__X10 NULL m4trm,vtpCON,mttrm
MASCO__X11 NULL m4trm,vtpCON,mttrm
MASCO__X12 NULL m4trm,vtpCON,mttrm
MASCO__X13 NULL m4trm,vtpCON,mttrm
MASCO__X14 NULL m4trm,vtpCON,mttrm
VIA3_C_CDNS_7230595393925 m4trm,via3CON,m3trm NULL
VIA3_C_CDNS_7230595393926 m4trm,via3CON,m3trm NULL
VIA3_C_CDNS_7230595393929 m4trm,via3CON,m3trm NULL
VIA3_C_CDNS_7230595393930 m4trm,via3CON,m3trm NULL
MASCO__Y15 NULL m4trm,vtpCON,mttrm
VIA3_C_CDNS_7230595393931 m4trm,via3CON,m3trm NULL
MASCO__H1 m4trm,m2trm,m1trm,via3CON,m3trm,vtpCON,via2CON,mttrm cont,ptap,npdtap,npdct,p1trm,ndiff,pwitap,pwitrm,bulk,dnwtrm,nedia2_d,via1,dntap,pdiff
MASCO__Y16 NULL m4trm,vtpCON,mttrm
MASCO__H2 m2trm,m1trm,m3trm cont,ptap,npdtap,npdct,p1trm,ndiff,pwitap,pwitrm,bulk,dnwtrm,nedia2_d,via1,dntap,via2CON,pdiff
MASCO__Y17 NULL m4trm,vtpCON,mttrm
VIA3_C_CDNS_7230595393933 m4trm,via3CON,m3trm NULL
MASCO__H3 m2trm,m1trm,m3trm cont,ptap,npdtap,npdct,p1trm,ndiff,pwitap,pwitrm,bulk,dnwtrm,nedia2_d,via1,dntap,via2CON,pdiff
VIA3_C_CDNS_7230595393934 m4trm,via3CON,m3trm NULL
MASCO__Y18 NULL m4trm,vtpCON,mttrm
MASCO__Y19 NULL m4trm,vtpCON,mttrm
rpp1k1_3_CDNS_723059539392 cont,m1trm,rpp1k1_s,p1trm,bulk NULL
rpp1k1_3_CDNS_723059539396 cont,m1trm,rpp1k1_s,p1trm,bulk NULL
rpp1k1_3_CDNS_723059539399 cont,m1trm,rpp1k1_s,p1trm,bulk NULL
MASCO__Y20 NULL m4trm,vtpCON,mttrm
MASCO__Y21 NULL m4trm,vtpCON,mttrm
MASCO__Y22 NULL m4trm,vtpCON,mttrm
MASCO__Y23 NULL m4trm,vtpCON,mttrm
MASCO__Y24 NULL m4trm,vtpCON,mttrm
MASCO__Y25 NULL m4trm,vtpCON,mttrm
MASCO__Y26 NULL m4trm,vtpCON,mttrm
VIA2_C_CDNS_723059539395 m2trm,m3trm,via2CON NULL
dsba_CDNS_723059539397 cont,ptap,hnwtap,m1trm,d_dsc,p1trm,d_dsba,ndiff,bulk,hnw,p_dwhn,d_dsdf,pdiff NULL
