VIA2_C_CDNS_723622533750 m3trm,m2trm,via2CON NULL
VIA2_C_CDNS_723622533752 m3trm,m2trm,via2CON NULL
VIA3_C_CDNS_7236225337522 m4trm,m3trm,via3CON NULL
ne3i_6_CDNS_723622533758 nemi_6,m1trm,ndiff,pdiff,bulk,via1,dnwtrm,pwitrm,m2trm,pwitap,cont,p1trm NULL
pe3_CDNS_7236225337510 nwtrm,m1trm,pdiff,bulk,cont,pem,p1trm NULL
ref_bias vtpCON,m4trm,ntap,p_ddnw,p_dnw,p_dipwmv,nwtrm,vtpcm,m1trm,ndiff,m3trm,pdiff,bulk,mttrm,via1,cmim,p_dnwm,dnwtrm,via3CON,m2trm,cont,dntap,p1trm,mosvcm,capm,ptap,via2CON nemi_6,nem,pwitrm,pwitap,rpp1k1_s,pem
rpp1k1_3_CDNS_723622533754 m4trm,m1trm,bulk,cont,rpp1k1_s,p1trm NULL
MASCO__A1 nwtrm,m1trm pdiff,bulk,cont,pem,p1trm
MASCO__A2 nwtrm,m1trm pdiff,bulk,cont,pem,p1trm
MASCO__A3 NULL nemi_6,m1trm,ndiff,pdiff,bulk,via1,dnwtrm,pwitrm,cont,pwitap,m2trm,p1trm
MASCO__A4 NULL nemi_6,m1trm,ndiff,pdiff,bulk,via1,dnwtrm,pwitrm,cont,pwitap,m2trm,p1trm
MASCO__A6 m1trm nwtrm,pdiff,bulk,cont,pem,p1trm
MASCO__B5 m1trm,ndiff,dnwtrm,pwitrm,m2trm,dntap nemi_6,pdiff,bulk,via1,pwitap,cont,p1trm
VIA1_C_CDNS_723622533751 m1trm,via1,m2trm NULL
VIA1_C_CDNS_723622533754 m1trm,via1,m2trm NULL
VIA1_C_CDNS_723622533755 m1trm,via1,m2trm NULL
VIA1_C_CDNS_723622533756 m1trm,via1,m2trm NULL
VIA1_C_CDNS_723622533757 m1trm,via1,m2trm NULL
VIA1_C_CDNS_723622533758 m1trm,via1,m2trm NULL
VIA1_C_CDNS_723622533759 m1trm,via1,m2trm NULL
VIA2_C_CDNS_7236225337514 m3trm,bulk,m2trm,via2CON NULL
VIA2_C_CDNS_7236225337515 m3trm,m2trm,via2CON NULL
VIA2_C_CDNS_7236225337516 m3trm,m2trm,via2CON NULL
VIA2_C_CDNS_7236225337519 m3trm,m2trm,via2CON NULL
VIA2_C_CDNS_7236225337521 m3trm,m2trm,via2CON NULL
VIA2_C_CDNS_7236225337524 m3trm,m2trm,via2CON NULL
VIA2_C_CDNS_7236225337525 m3trm,m2trm,via2CON NULL
VIA2_C_CDNS_7236225337526 m3trm,m2trm,via2CON NULL
VIA2_C_CDNS_7236225337534 m3trm,m2trm,via2CON NULL
ne3_CDNS_723622533751 m1trm,ndiff,bulk,nem,cont,p1trm NULL
ne3_CDNS_723622533755 m1trm,ndiff,bulk,nem,cont,p1trm NULL
VIA1_C_CDNS_7236225337511 m1trm,via1,m2trm NULL
VIA1_C_CDNS_7236225337512 m1trm,via1,m2trm NULL
VIA1_C_CDNS_7236225337513 m1trm,via1,m2trm NULL
VIA1_C_CDNS_7236225337517 m1trm,via1,m2trm NULL
VIA1_C_CDNS_7236225337518 m1trm,via1,m2trm NULL
VIA1_C_CDNS_7236225337520 m1trm,via1,m2trm NULL
VIA1_C_CDNS_7236225337523 m1trm,bulk,via1,m2trm NULL
VIA1_C_CDNS_7236225337535 m1trm,via1,m2trm NULL
VIA1_C_CDNS_7236225337538 m1trm,bulk,via1,m2trm NULL
pe3_CDNS_723622533750 nwtrm,m1trm,pdiff,bulk,p_dnwm,cont,pem,p1trm NULL
pe3_CDNS_723622533752 nwtrm,m1trm,pdiff,bulk,p_dnwm,cont,pem,p1trm NULL
pe3_CDNS_723622533753 nwtrm,m1trm,pdiff,bulk,p_dnwm,cont,pem,p1trm NULL
pe3_CDNS_723622533759 nwtrm,m1trm,pdiff,bulk,cont,pem,p1trm NULL
